MSBuild version 18.4.0+6e61e96ac for .NET Framework
MSBUILD : error MSB1011: Specify which project or solution file to use because this folder contains more than one project or solution file.
